
===========================================================================
Model "USER_LIBRARY-LED_0603_G_PO-9950_1" exists. Name "USER_LIBRARY-LED_0603_G_PO-99_1" used instead.
===========================================================================

===========================================================================
Model "USER_LIBRARY-LED_0603_G_-135068_1" exists. Name "USER_LIBRARY-LED_0603_G_-1350_1" used instead.
===========================================================================

===========================================================================
Model "USER_LIBRARY-LED_0603_Y_P-73355_1" exists. Name "USER_LIBRARY-LED_0603_Y_P-733_1" used instead.
===========================================================================

===========================================================================
Model "USER_LIBRARY-LED_0603_Y_P-14746_1" exists. Name "USER_LIBRARY-LED_0603_Y_P-147_1" used instead.
===========================================================================

===========================================================================
Model "TANTALUM_CAP_CASE_A_____________1" exists. Name "TANTALUM_CAP_CASE_A___________1" used instead.
===========================================================================

===========================================================================
Model "USER_LIBRARY-LED_0603_R_P-74850_1" exists. Name "USER_LIBRARY-LED_0603_R_P-748_1" used instead.
===========================================================================

===========================================================================
Model "USER_LIBRARY-LED_0603_R_P-70373_1" exists. Name "USER_LIBRARY-LED_0603_R_P-703_1" used instead.
===========================================================================

===========================================================================
Model "TQFP64-2_BODY_X10-2_Y10-2_Z1-05_1" exists. Name "TQFP64-2_BODY_X10-2_Y10-2_Z1-_1" used instead.
===========================================================================
